// Jest Snapshot v1, https://goo.gl/fbAQLP

exports[`<AdminPrivilege> should render component 1`] = `null`;
